\BOOKMARK [1][-]{section.1}{\376\377\000L\000i\000p\000s\000u\000m}{}% 1
